ARM Linker, 5.02 [Build 28] [MDK-ARM Standard]

==============================================================================

Section Cross References

    startup_lpc17xx.o(STACK) refers (Special) to heapauxi.o(.text) for __use_two_region_memory
    startup_lpc17xx.o(HEAP) refers (Special) to heapauxi.o(.text) for __use_two_region_memory
    startup_lpc17xx.o(RESET) refers (Special) to heapauxi.o(.text) for __use_two_region_memory
    startup_lpc17xx.o(RESET) refers to startup_lpc17xx.o(STACK) for __initial_sp
    startup_lpc17xx.o(RESET) refers to startup_lpc17xx.o(.text) for Reset_Handler
    startup_lpc17xx.o(RESET) refers to source.o(.text) for TIMER1_IRQHandler
    startup_lpc17xx.o(.ARM.__at_0x02FC) refers (Special) to heapauxi.o(.text) for __use_two_region_memory
    startup_lpc17xx.o(.text) refers (Special) to heapauxi.o(.text) for __use_two_region_memory
    startup_lpc17xx.o(.text) refers to system_lpc17xx.o(.text) for SystemInit
    startup_lpc17xx.o(.text) refers to __main.o(!!!main) for __main
    startup_lpc17xx.o(.text) refers to startup_lpc17xx.o(HEAP) for Heap_Mem
    startup_lpc17xx.o(.text) refers to startup_lpc17xx.o(STACK) for Stack_Mem
    system_lpc17xx.o(.text) refers to system_lpc17xx.o(.data) for SystemCoreClock
    lpc17xx_clkpwr.o(.text) refers to system_lpc17xx.o(.data) for SystemCoreClock
    lpc17xx_uart.o(.text) refers to lpc17xx_clkpwr.o(.text) for CLKPWR_GetPCLK
    lpc17xx_uart.o(.text) refers to lludivv7m.o(.text) for __aeabi_uldivmod
    lpc17xx_uart.o(.text) refers to lpc17xx_libcfg_default.o(.text) for check_failed
    lpc17xx_timer.o(.text) refers to lpc17xx_clkpwr.o(.text) for CLKPWR_GetPCLK
    lpc17xx_timer.o(.text) refers to lludivv7m.o(.text) for __aeabi_uldivmod
    lpc17xx_timer.o(.text) refers to lpc17xx_libcfg_default.o(.text) for check_failed
    lpc17xx_adc.o(.text) refers to lpc17xx_libcfg_default.o(.text) for check_failed
    lpc17xx_adc.o(.text) refers to lpc17xx_clkpwr.o(.text) for CLKPWR_ConfigPPWR
    source.o(.text) refers to strstr.o(.text) for strstr
    source.o(.text) refers to lpc17xx_gpio.o(.text) for GPIO_SetValue
    source.o(.text) refers to strlen.o(.text) for strlen
    source.o(.text) refers to lpc17xx_uart.o(.text) for UART_Send
    source.o(.text) refers to lpc17xx_timer.o(.text) for TIM_Init
    source.o(.text) refers to lpc17xx_pinsel.o(.text) for PINSEL_ConfigPin
    source.o(.text) refers to lpc17xx_adc.o(.text) for ADC_Init
    source.o(.text) refers to source.o(.data) for status
    source.o(.text) refers to source.o(.constdata) for Respons
    source.o(.text) refers to source.o(.bss) for EspRx
    __main.o(!!!main) refers to rtentry.o(.ARM.Collect$$rtentry$$00000000) for __rt_entry
    rtentry.o(.ARM.Collect$$rtentry$$00000000) refers (Special) to rtentry2.o(.ARM.Collect$$rtentry$$0000000A) for __rt_entry_li
    rtentry.o(.ARM.Collect$$rtentry$$00000000) refers (Special) to rtentry2.o(.ARM.Collect$$rtentry$$0000000D) for __rt_entry_main
    rtentry.o(.ARM.Collect$$rtentry$$00000000) refers (Special) to rtentry2.o(.ARM.Collect$$rtentry$$0000000C) for __rt_entry_postli_1
    rtentry.o(.ARM.Collect$$rtentry$$00000000) refers (Special) to rtentry2.o(.ARM.Collect$$rtentry$$00000009) for __rt_entry_postsh_1
    rtentry.o(.ARM.Collect$$rtentry$$00000000) refers (Special) to rtentry2.o(.ARM.Collect$$rtentry$$00000002) for __rt_entry_presh_1
    rtentry.o(.ARM.Collect$$rtentry$$00000000) refers (Special) to rtentry4.o(.ARM.Collect$$rtentry$$00000004) for __rt_entry_sh
    aeabi_ldiv0_sigfpe.o(.text) refers to rt_div0.o(.text) for __rt_div0
    rtentry2.o(.ARM.Collect$$rtentry$$00000008) refers to boardinit2.o(.text) for _platform_post_stackheap_init
    rtentry2.o(.ARM.Collect$$rtentry$$0000000A) refers to libinit.o(.ARM.Collect$$libinit$$00000000) for __rt_lib_init
    rtentry2.o(.ARM.Collect$$rtentry$$0000000B) refers to boardinit3.o(.text) for _platform_post_lib_init
    rtentry2.o(.ARM.Collect$$rtentry$$0000000D) refers to source.o(.text) for main
    rtentry2.o(.ARM.Collect$$rtentry$$0000000D) refers to exit.o(.text) for exit
    rtentry2.o(.ARM.exidx) refers to rtentry2.o(.ARM.Collect$$rtentry$$00000001) for .ARM.Collect$$rtentry$$00000001
    rtentry2.o(.ARM.exidx) refers to rtentry2.o(.ARM.Collect$$rtentry$$00000008) for .ARM.Collect$$rtentry$$00000008
    rtentry2.o(.ARM.exidx) refers to rtentry2.o(.ARM.Collect$$rtentry$$0000000A) for .ARM.Collect$$rtentry$$0000000A
    rtentry2.o(.ARM.exidx) refers to rtentry2.o(.ARM.Collect$$rtentry$$0000000B) for .ARM.Collect$$rtentry$$0000000B
    rtentry2.o(.ARM.exidx) refers to rtentry2.o(.ARM.Collect$$rtentry$$0000000D) for .ARM.Collect$$rtentry$$0000000D
    rtentry4.o(.ARM.Collect$$rtentry$$00000004) refers to sys_stackheap_outer.o(.text) for __user_setup_stackheap
    rtentry4.o(.ARM.exidx) refers to rtentry4.o(.ARM.Collect$$rtentry$$00000004) for .ARM.Collect$$rtentry$$00000004
    rt_div0.o(.text) refers to defsig_fpe_outer.o(.text) for __rt_SIGFPE
    sys_stackheap_outer.o(.text) refers to libspace.o(.text) for __user_perproc_libspace
    sys_stackheap_outer.o(.text) refers to startup_lpc17xx.o(.text) for __user_initial_stackheap
    exit.o(.text) refers to rtexit.o(.ARM.Collect$$rtexit$$00000000) for __rt_exit
    defsig_fpe_outer.o(.text) refers to defsig_fpe_inner.o(.text) for __rt_SIGFPE_inner
    defsig_fpe_outer.o(.text) refers to defsig_exit.o(.text) for __sig_exit
    defsig_fpe_formal.o(.text) refers to rt_raise.o(.text) for __rt_raise
    libinit.o(.ARM.Collect$$libinit$$00000000) refers (Special) to libinit2.o(.ARM.Collect$$libinit$$0000002C) for __rt_lib_init_alloca_1
    libinit.o(.ARM.Collect$$libinit$$00000000) refers (Special) to libinit2.o(.ARM.Collect$$libinit$$0000002A) for __rt_lib_init_argv_1
    libinit.o(.ARM.Collect$$libinit$$00000000) refers (Special) to libinit2.o(.ARM.Collect$$libinit$$00000019) for __rt_lib_init_atexit_1
    libinit.o(.ARM.Collect$$libinit$$00000000) refers (Special) to libinit2.o(.ARM.Collect$$libinit$$0000001F) for __rt_lib_init_clock_1
    libinit.o(.ARM.Collect$$libinit$$00000000) refers (Special) to libinit2.o(.ARM.Collect$$libinit$$00000030) for __rt_lib_init_cpp_1
    libinit.o(.ARM.Collect$$libinit$$00000000) refers (Special) to libinit2.o(.ARM.Collect$$libinit$$0000002E) for __rt_lib_init_exceptions_1
    libinit.o(.ARM.Collect$$libinit$$00000000) refers (Special) to libinit2.o(.ARM.Collect$$libinit$$00000002) for __rt_lib_init_fp_1
    libinit.o(.ARM.Collect$$libinit$$00000000) refers (Special) to libinit2.o(.ARM.Collect$$libinit$$0000001D) for __rt_lib_init_fp_trap_1
    libinit.o(.ARM.Collect$$libinit$$00000000) refers (Special) to libinit2.o(.ARM.Collect$$libinit$$00000021) for __rt_lib_init_getenv_1
    libinit.o(.ARM.Collect$$libinit$$00000000) refers (Special) to libinit2.o(.ARM.Collect$$libinit$$00000008) for __rt_lib_init_heap_1
    libinit.o(.ARM.Collect$$libinit$$00000000) refers (Special) to libinit2.o(.ARM.Collect$$libinit$$0000000F) for __rt_lib_init_lc_collate_1
    libinit.o(.ARM.Collect$$libinit$$00000000) refers (Special) to libinit2.o(.ARM.Collect$$libinit$$00000011) for __rt_lib_init_lc_ctype_1
    libinit.o(.ARM.Collect$$libinit$$00000000) refers (Special) to libinit2.o(.ARM.Collect$$libinit$$00000013) for __rt_lib_init_lc_monetary_1
    libinit.o(.ARM.Collect$$libinit$$00000000) refers (Special) to libinit2.o(.ARM.Collect$$libinit$$00000015) for __rt_lib_init_lc_numeric_1
    libinit.o(.ARM.Collect$$libinit$$00000000) refers (Special) to libinit2.o(.ARM.Collect$$libinit$$00000017) for __rt_lib_init_lc_time_1
    libinit.o(.ARM.Collect$$libinit$$00000000) refers (Special) to libinit2.o(.ARM.Collect$$libinit$$0000000C) for __rt_lib_init_rand_1
    libinit.o(.ARM.Collect$$libinit$$00000000) refers (Special) to libinit2.o(.ARM.Collect$$libinit$$00000031) for __rt_lib_init_return
    libinit.o(.ARM.Collect$$libinit$$00000000) refers (Special) to libinit2.o(.ARM.Collect$$libinit$$0000001B) for __rt_lib_init_signal_1
    libinit.o(.ARM.Collect$$libinit$$00000000) refers (Special) to libinit2.o(.ARM.Collect$$libinit$$00000023) for __rt_lib_init_stdio_1
    libinit.o(.ARM.Collect$$libinit$$00000000) refers (Special) to libinit2.o(.ARM.Collect$$libinit$$0000000A) for __rt_lib_init_user_alloc_1
    libspace.o(.text) refers to libspace.o(.bss) for __libspace_start
    rtexit.o(.ARM.Collect$$rtexit$$00000000) refers (Special) to rtexit2.o(.ARM.Collect$$rtexit$$00000004) for __rt_exit_exit
    rtexit.o(.ARM.Collect$$rtexit$$00000000) refers (Special) to rtexit2.o(.ARM.Collect$$rtexit$$00000003) for __rt_exit_ls
    rtexit.o(.ARM.Collect$$rtexit$$00000000) refers (Special) to rtexit2.o(.ARM.Collect$$rtexit$$00000002) for __rt_exit_prels_1
    rtexit.o(.ARM.exidx) refers (Special) to rtexit2.o(.ARM.Collect$$rtexit$$00000004) for __rt_exit_exit
    rtexit.o(.ARM.exidx) refers (Special) to rtexit2.o(.ARM.Collect$$rtexit$$00000003) for __rt_exit_ls
    rtexit.o(.ARM.exidx) refers (Special) to rtexit2.o(.ARM.Collect$$rtexit$$00000002) for __rt_exit_prels_1
    rtexit.o(.ARM.exidx) refers to rtexit.o(.ARM.Collect$$rtexit$$00000000) for .ARM.Collect$$rtexit$$00000000
    rt_raise.o(.text) refers to __raise.o(.text) for __raise
    rt_raise.o(.text) refers to sys_exit.o(.text) for _sys_exit
    defsig_exit.o(.text) refers to sys_exit.o(.text) for _sys_exit
    defsig_fpe_inner.o(.text) refers to defsig_general.o(.text) for __default_signal_display
    libinit2.o(.ARM.Collect$$libinit$$0000000E) refers to libinit2.o(.ARM.Collect$$libinit$$0000000D) for .ARM.Collect$$libinit$$0000000D
    libinit2.o(.ARM.Collect$$libinit$$00000010) refers to libinit2.o(.ARM.Collect$$libinit$$0000000D) for .ARM.Collect$$libinit$$0000000D
    libinit2.o(.ARM.Collect$$libinit$$00000012) refers to libinit2.o(.ARM.Collect$$libinit$$0000000D) for .ARM.Collect$$libinit$$0000000D
    libinit2.o(.ARM.Collect$$libinit$$00000014) refers to libinit2.o(.ARM.Collect$$libinit$$0000000D) for .ARM.Collect$$libinit$$0000000D
    libinit2.o(.ARM.Collect$$libinit$$00000016) refers to libinit2.o(.ARM.Collect$$libinit$$0000000D) for .ARM.Collect$$libinit$$0000000D
    libinit2.o(.ARM.Collect$$libinit$$00000024) refers to argv_veneer.o(.emb_text) for __ARM_argv_veneer
    libinit2.o(.ARM.Collect$$libinit$$00000025) refers to argv_veneer.o(.emb_text) for __ARM_argv_veneer
    sys_exit.o(.text) refers (Special) to use_no_semi.o(.text) for __I$use$semihosting
    sys_exit.o(.text) refers (Special) to indicate_semi.o(.text) for __semihosting_library_function
    rtexit2.o(.ARM.Collect$$rtexit$$00000003) refers to libshutdown.o(.ARM.Collect$$libshutdown$$00000000) for __rt_lib_shutdown
    rtexit2.o(.ARM.Collect$$rtexit$$00000004) refers to sys_exit.o(.text) for _sys_exit
    rtexit2.o(.ARM.exidx) refers to rtexit2.o(.ARM.Collect$$rtexit$$00000001) for .ARM.Collect$$rtexit$$00000001
    rtexit2.o(.ARM.exidx) refers to rtexit2.o(.ARM.Collect$$rtexit$$00000003) for .ARM.Collect$$rtexit$$00000003
    rtexit2.o(.ARM.exidx) refers to rtexit2.o(.ARM.Collect$$rtexit$$00000004) for .ARM.Collect$$rtexit$$00000004
    __raise.o(.text) refers to defsig.o(CL$$defsig) for __default_signal_handler
    defsig_general.o(.text) refers to sys_wrch.o(.text) for _ttywrch
    argv_veneer.o(.emb_text) refers to no_argv.o(.text) for __ARM_get_argv
    sys_wrch.o(.text) refers (Special) to use_no_semi.o(.text) for __I$use$semihosting
    sys_wrch.o(.text) refers (Special) to indicate_semi.o(.text) for __semihosting_library_function
    defsig.o(CL$$defsig) refers to defsig_fpe_inner.o(.text) for __rt_SIGFPE_inner
    defsig.o(CL$$defsig) refers to defsig_rtmem_inner.o(.text) for __rt_SIGRTMEM_inner
    _get_argv_nomalloc.o(.text) refers (Special) to hrguard.o(.text) for __heap_region$guard
    _get_argv_nomalloc.o(.text) refers to defsig_rtmem_outer.o(.text) for __rt_SIGRTMEM
    _get_argv_nomalloc.o(.text) refers to sys_command.o(.text) for _sys_command_string
    libshutdown.o(.ARM.Collect$$libshutdown$$00000000) refers (Special) to libshutdown2.o(.ARM.Collect$$libshutdown$$00000006) for __rt_lib_shutdown_fp_trap_1
    libshutdown.o(.ARM.Collect$$libshutdown$$00000000) refers (Special) to libshutdown2.o(.ARM.Collect$$libshutdown$$0000000E) for __rt_lib_shutdown_heap_1
    libshutdown.o(.ARM.Collect$$libshutdown$$00000000) refers (Special) to libshutdown2.o(.ARM.Collect$$libshutdown$$0000000F) for __rt_lib_shutdown_return
    libshutdown.o(.ARM.Collect$$libshutdown$$00000000) refers (Special) to libshutdown2.o(.ARM.Collect$$libshutdown$$00000009) for __rt_lib_shutdown_signal_1
    libshutdown.o(.ARM.Collect$$libshutdown$$00000000) refers (Special) to libshutdown2.o(.ARM.Collect$$libshutdown$$00000003) for __rt_lib_shutdown_stdio_1
    libshutdown.o(.ARM.Collect$$libshutdown$$00000000) refers (Special) to libshutdown2.o(.ARM.Collect$$libshutdown$$0000000B) for __rt_lib_shutdown_user_alloc_1
    sys_command.o(.text) refers (Special) to use_no_semi.o(.text) for __I$use$semihosting
    sys_command.o(.text) refers (Special) to indicate_semi.o(.text) for __semihosting_library_function
    defsig_abrt_inner.o(.text) refers to defsig_general.o(.text) for __default_signal_display
    defsig_rtred_inner.o(.text) refers to defsig_general.o(.text) for __default_signal_display
    defsig_rtmem_inner.o(.text) refers to defsig_general.o(.text) for __default_signal_display
    defsig_rtmem_outer.o(.text) refers to defsig_rtmem_inner.o(.text) for __rt_SIGRTMEM_inner
    defsig_rtmem_outer.o(.text) refers to defsig_exit.o(.text) for __sig_exit
    defsig_rtmem_formal.o(.text) refers to rt_raise.o(.text) for __rt_raise
    defsig_stak_inner.o(.text) refers to defsig_general.o(.text) for __default_signal_display
    defsig_pvfn_inner.o(.text) refers to defsig_general.o(.text) for __default_signal_display
    defsig_cppl_inner.o(.text) refers to defsig_general.o(.text) for __default_signal_display
    defsig_segv_inner.o(.text) refers to defsig_general.o(.text) for __default_signal_display
    defsig_other.o(.text) refers to defsig_general.o(.text) for __default_signal_display


==============================================================================

Removing Unused input sections from the image.

    Removing system_lpc17xx.o(.emb_text), (8 bytes).
    Removing lpc17xx_clkpwr.o(.rev16_text), (4 bytes).
    Removing lpc17xx_clkpwr.o(.revsh_text), (4 bytes).
    Removing lpc17xx_pinsel.o(.rev16_text), (4 bytes).
    Removing lpc17xx_pinsel.o(.revsh_text), (4 bytes).
    Removing lpc17xx_uart.o(.rev16_text), (4 bytes).
    Removing lpc17xx_uart.o(.revsh_text), (4 bytes).
    Removing lpc17xx_gpio.o(.rev16_text), (4 bytes).
    Removing lpc17xx_gpio.o(.revsh_text), (4 bytes).
    Removing lpc17xx_timer.o(.rev16_text), (4 bytes).
    Removing lpc17xx_timer.o(.revsh_text), (4 bytes).
    Removing lpc17xx_adc.o(.rev16_text), (4 bytes).
    Removing lpc17xx_adc.o(.revsh_text), (4 bytes).
    Removing source.o(.rev16_text), (4 bytes).
    Removing source.o(.revsh_text), (4 bytes).

15 unused section(s) (total 64 bytes) removed from the image.

==============================================================================

Image Symbol Table

    Local Symbols

    Symbol Name                              Value     Ov Type        Size  Object(Section)

    RESET                                    0x00000000   Section      204  startup_lpc17xx.o(RESET)
    ../clib/angel/boardlib.s                 0x00000000   Number         0  boardinit3.o ABSOLUTE
    ../clib/angel/boardlib.s                 0x00000000   Number         0  boardinit2.o ABSOLUTE
    ../clib/angel/boardlib.s                 0x00000000   Number         0  boardinit1.o ABSOLUTE
    ../clib/angel/boardlib.s                 0x00000000   Number         0  boardshut.o ABSOLUTE
    ../clib/angel/dczerorl2.s                0x00000000   Number         0  __dczerorl2.o ABSOLUTE
    ../clib/angel/handlers.s                 0x00000000   Number         0  __scatter_zi.o ABSOLUTE
    ../clib/angel/kernel.s                   0x00000000   Number         0  rtexit.o ABSOLUTE
    ../clib/angel/kernel.s                   0x00000000   Number         0  rtentry4.o ABSOLUTE
    ../clib/angel/kernel.s                   0x00000000   Number         0  rtexit2.o ABSOLUTE
    ../clib/angel/kernel.s                   0x00000000   Number         0  rtentry2.o ABSOLUTE
    ../clib/angel/kernel.s                   0x00000000   Number         0  rtentry.o ABSOLUTE
    ../clib/angel/rt.s                       0x00000000   Number         0  rt_div0.o ABSOLUTE
    ../clib/angel/rt.s                       0x00000000   Number         0  rt_raise.o ABSOLUTE
    ../clib/angel/rt.s                       0x00000000   Number         0  aeabi_ldiv0_sigfpe.o ABSOLUTE
    ../clib/angel/rt.s                       0x00000000   Number         0  aeabi_ldiv0.o ABSOLUTE
    ../clib/angel/scatter.s                  0x00000000   Number         0  __scatter.o ABSOLUTE
    ../clib/angel/startup.s                  0x00000000   Number         0  __main.o ABSOLUTE
    ../clib/angel/sys.s                      0x00000000   Number         0  sys_stackheap_outer.o ABSOLUTE
    ../clib/angel/sys.s                      0x00000000   Number         0  indicate_semi.o ABSOLUTE
    ../clib/angel/sys.s                      0x00000000   Number         0  libspace.o ABSOLUTE
    ../clib/angel/sys.s                      0x00000000   Number         0  use_no_semi.o ABSOLUTE
    ../clib/angel/sysapp.c                   0x00000000   Number         0  sys_wrch.o ABSOLUTE
    ../clib/angel/sysapp.c                   0x00000000   Number         0  sys_command.o ABSOLUTE
    ../clib/angel/sysapp.c                   0x00000000   Number         0  sys_exit.o ABSOLUTE
    ../clib/armsys.c                         0x00000000   Number         0  _get_argv_nomalloc.o ABSOLUTE
    ../clib/armsys.c                         0x00000000   Number         0  no_argv.o ABSOLUTE
    ../clib/armsys.c                         0x00000000   Number         0  argv_veneer.o ABSOLUTE
    ../clib/armsys.c                         0x00000000   Number         0  argv_veneer.o ABSOLUTE
    ../clib/heapalloc.c                      0x00000000   Number         0  hrguard.o ABSOLUTE
    ../clib/heapaux.c                        0x00000000   Number         0  heapauxi.o ABSOLUTE
    ../clib/libinit.s                        0x00000000   Number         0  libinit.o ABSOLUTE
    ../clib/libinit.s                        0x00000000   Number         0  libshutdown2.o ABSOLUTE
    ../clib/libinit.s                        0x00000000   Number         0  libshutdown.o ABSOLUTE
    ../clib/libinit.s                        0x00000000   Number         0  libinit2.o ABSOLUTE
    ../clib/longlong.s                       0x00000000   Number         0  lludivv7m.o ABSOLUTE
    ../clib/signal.c                         0x00000000   Number         0  defsig_cppl_inner.o ABSOLUTE
    ../clib/signal.c                         0x00000000   Number         0  defsig_abrt_inner.o ABSOLUTE
    ../clib/signal.c                         0x00000000   Number         0  defsig_general.o ABSOLUTE
    ../clib/signal.c                         0x00000000   Number         0  defsig_fpe_formal.o ABSOLUTE
    ../clib/signal.c                         0x00000000   Number         0  defsig_rtmem_inner.o ABSOLUTE
    ../clib/signal.c                         0x00000000   Number         0  defsig_other.o ABSOLUTE
    ../clib/signal.c                         0x00000000   Number         0  defsig_fpe_outer.o ABSOLUTE
    ../clib/signal.c                         0x00000000   Number         0  defsig_fpe_inner.o ABSOLUTE
    ../clib/signal.c                         0x00000000   Number         0  defsig_segv_inner.o ABSOLUTE
    ../clib/signal.c                         0x00000000   Number         0  defsig_exit.o ABSOLUTE
    ../clib/signal.c                         0x00000000   Number         0  defsig_pvfn_inner.o ABSOLUTE
    ../clib/signal.c                         0x00000000   Number         0  defsig_stak_inner.o ABSOLUTE
    ../clib/signal.c                         0x00000000   Number         0  defsig_rtmem_formal.o ABSOLUTE
    ../clib/signal.c                         0x00000000   Number         0  defsig_rtmem_outer.o ABSOLUTE
    ../clib/signal.c                         0x00000000   Number         0  defsig_rtred_inner.o ABSOLUTE
    ../clib/signal.c                         0x00000000   Number         0  __raise.o ABSOLUTE
    ../clib/signal.s                         0x00000000   Number         0  defsig.o ABSOLUTE
    ../clib/stdlib.c                         0x00000000   Number         0  exit.o ABSOLUTE
    ../clib/string.c                         0x00000000   Number         0  strstr.o ABSOLUTE
    ../clib/string.c                         0x00000000   Number         0  strlen.o ABSOLUTE
    ../fplib/fpinit.s                        0x00000000   Number         0  fpinit.o ABSOLUTE
    CMSIS_Driver-Core\\core & system\\system_LPC17xx.c 0x00000000   Number         0  system_lpc17xx.o ABSOLUTE
    CMSIS_Driver-Core\\library\\lpc17xx_adc.c 0x00000000   Number         0  lpc17xx_adc.o ABSOLUTE
    CMSIS_Driver-Core\\library\\lpc17xx_clkpwr.c 0x00000000   Number         0  lpc17xx_clkpwr.o ABSOLUTE
    CMSIS_Driver-Core\\library\\lpc17xx_gpio.c 0x00000000   Number         0  lpc17xx_gpio.o ABSOLUTE
    CMSIS_Driver-Core\\library\\lpc17xx_pinsel.c 0x00000000   Number         0  lpc17xx_pinsel.o ABSOLUTE
    CMSIS_Driver-Core\\library\\lpc17xx_timer.c 0x00000000   Number         0  lpc17xx_timer.o ABSOLUTE
    CMSIS_Driver-Core\\library\\lpc17xx_uart.c 0x00000000   Number         0  lpc17xx_uart.o ABSOLUTE
    CMSIS_Driver-Core\core & system\core_cm3.c 0x00000000   Number         0  core_cm3.o ABSOLUTE
    CMSIS_Driver-Core\core & system\system_LPC17xx.c 0x00000000   Number         0  system_lpc17xx.o ABSOLUTE
    CMSIS_Driver-Core\library\lpc17xx_adc.c  0x00000000   Number         0  lpc17xx_adc.o ABSOLUTE
    CMSIS_Driver-Core\library\lpc17xx_clkpwr.c 0x00000000   Number         0  lpc17xx_clkpwr.o ABSOLUTE
    CMSIS_Driver-Core\library\lpc17xx_gpio.c 0x00000000   Number         0  lpc17xx_gpio.o ABSOLUTE
    CMSIS_Driver-Core\library\lpc17xx_libcfg_default.c 0x00000000   Number         0  lpc17xx_libcfg_default.o ABSOLUTE
    CMSIS_Driver-Core\library\lpc17xx_pinsel.c 0x00000000   Number         0  lpc17xx_pinsel.o ABSOLUTE
    CMSIS_Driver-Core\library\lpc17xx_timer.c 0x00000000   Number         0  lpc17xx_timer.o ABSOLUTE
    CMSIS_Driver-Core\library\lpc17xx_uart.c 0x00000000   Number         0  lpc17xx_uart.o ABSOLUTE
    CMSIS_Driver-Core\startup\arm\startup_LPC17xx.s 0x00000000   Number         0  startup_lpc17xx.o ABSOLUTE
    dc.s                                     0x00000000   Number         0  dc.o ABSOLUTE
    source.c                                 0x00000000   Number         0  source.o ABSOLUTE
    source.c                                 0x00000000   Number         0  source.o ABSOLUTE
    !!!main                                  0x000000cc   Section        8  __main.o(!!!main)
    !!!scatter                               0x000000d4   Section       52  __scatter.o(!!!scatter)
    !!dczerorl2                              0x00000108   Section       90  __dczerorl2.o(!!dczerorl2)
    !!handler_zi                             0x00000164   Section       28  __scatter_zi.o(!!handler_zi)
    .ARM.Collect$$libinit$$00000000          0x00000180   Section        2  libinit.o(.ARM.Collect$$libinit$$00000000)
    .ARM.Collect$$libinit$$00000002          0x00000182   Section        0  libinit2.o(.ARM.Collect$$libinit$$00000002)
    .ARM.Collect$$libinit$$00000008          0x00000182   Section        0  libinit2.o(.ARM.Collect$$libinit$$00000008)
    .ARM.Collect$$libinit$$0000000A          0x00000182   Section        0  libinit2.o(.ARM.Collect$$libinit$$0000000A)
    .ARM.Collect$$libinit$$0000000C          0x00000182   Section        0  libinit2.o(.ARM.Collect$$libinit$$0000000C)
    .ARM.Collect$$libinit$$0000000F          0x00000182   Section        0  libinit2.o(.ARM.Collect$$libinit$$0000000F)
    .ARM.Collect$$libinit$$00000011          0x00000182   Section        0  libinit2.o(.ARM.Collect$$libinit$$00000011)
    .ARM.Collect$$libinit$$00000013          0x00000182   Section        0  libinit2.o(.ARM.Collect$$libinit$$00000013)
    .ARM.Collect$$libinit$$00000015          0x00000182   Section        0  libinit2.o(.ARM.Collect$$libinit$$00000015)
    .ARM.Collect$$libinit$$00000017          0x00000182   Section        0  libinit2.o(.ARM.Collect$$libinit$$00000017)
    .ARM.Collect$$libinit$$00000019          0x00000182   Section        0  libinit2.o(.ARM.Collect$$libinit$$00000019)
    .ARM.Collect$$libinit$$0000001B          0x00000182   Section        0  libinit2.o(.ARM.Collect$$libinit$$0000001B)
    .ARM.Collect$$libinit$$0000001D          0x00000182   Section        0  libinit2.o(.ARM.Collect$$libinit$$0000001D)
    .ARM.Collect$$libinit$$0000001F          0x00000182   Section        0  libinit2.o(.ARM.Collect$$libinit$$0000001F)
    .ARM.Collect$$libinit$$00000021          0x00000182   Section        0  libinit2.o(.ARM.Collect$$libinit$$00000021)
    .ARM.Collect$$libinit$$00000023          0x00000182   Section        0  libinit2.o(.ARM.Collect$$libinit$$00000023)
    .ARM.Collect$$libinit$$0000002A          0x00000182   Section        0  libinit2.o(.ARM.Collect$$libinit$$0000002A)
    .ARM.Collect$$libinit$$0000002C          0x00000182   Section        0  libinit2.o(.ARM.Collect$$libinit$$0000002C)
    .ARM.Collect$$libinit$$0000002E          0x00000182   Section        0  libinit2.o(.ARM.Collect$$libinit$$0000002E)
    .ARM.Collect$$libinit$$00000030          0x00000182   Section        0  libinit2.o(.ARM.Collect$$libinit$$00000030)
    .ARM.Collect$$libinit$$00000031          0x00000182   Section        2  libinit2.o(.ARM.Collect$$libinit$$00000031)
    .ARM.Collect$$libshutdown$$00000000      0x00000184   Section        2  libshutdown.o(.ARM.Collect$$libshutdown$$00000000)
    .ARM.Collect$$libshutdown$$00000003      0x00000186   Section        0  libshutdown2.o(.ARM.Collect$$libshutdown$$00000003)
    .ARM.Collect$$libshutdown$$00000006      0x00000186   Section        0  libshutdown2.o(.ARM.Collect$$libshutdown$$00000006)
    .ARM.Collect$$libshutdown$$00000009      0x00000186   Section        0  libshutdown2.o(.ARM.Collect$$libshutdown$$00000009)
    .ARM.Collect$$libshutdown$$0000000B      0x00000186   Section        0  libshutdown2.o(.ARM.Collect$$libshutdown$$0000000B)
    .ARM.Collect$$libshutdown$$0000000E      0x00000186   Section        0  libshutdown2.o(.ARM.Collect$$libshutdown$$0000000E)
    .ARM.Collect$$libshutdown$$0000000F      0x00000186   Section        2  libshutdown2.o(.ARM.Collect$$libshutdown$$0000000F)
    .ARM.Collect$$rtentry$$00000000          0x00000188   Section        0  rtentry.o(.ARM.Collect$$rtentry$$00000000)
    .ARM.Collect$$rtentry$$00000002          0x00000188   Section        0  rtentry2.o(.ARM.Collect$$rtentry$$00000002)
    .ARM.Collect$$rtentry$$00000004          0x00000188   Section        6  rtentry4.o(.ARM.Collect$$rtentry$$00000004)
    .ARM.Collect$$rtentry$$00000009          0x0000018e   Section        0  rtentry2.o(.ARM.Collect$$rtentry$$00000009)
    .ARM.Collect$$rtentry$$0000000A          0x0000018e   Section        4  rtentry2.o(.ARM.Collect$$rtentry$$0000000A)
    .ARM.Collect$$rtentry$$0000000C          0x00000192   Section        0  rtentry2.o(.ARM.Collect$$rtentry$$0000000C)
    .ARM.Collect$$rtentry$$0000000D          0x00000192   Section        8  rtentry2.o(.ARM.Collect$$rtentry$$0000000D)
    .ARM.Collect$$rtexit$$00000000           0x0000019a   Section        2  rtexit.o(.ARM.Collect$$rtexit$$00000000)
    .ARM.Collect$$rtexit$$00000002           0x0000019c   Section        0  rtexit2.o(.ARM.Collect$$rtexit$$00000002)
    .ARM.Collect$$rtexit$$00000003           0x0000019c   Section        4  rtexit2.o(.ARM.Collect$$rtexit$$00000003)
    .ARM.Collect$$rtexit$$00000004           0x000001a0   Section        6  rtexit2.o(.ARM.Collect$$rtexit$$00000004)
    .text                                    0x000001a8   Section       60  startup_lpc17xx.o(.text)
    .text                                    0x000001e4   Section        0  lpc17xx_libcfg_default.o(.text)
    .text                                    0x000001e8   Section        0  lpc17xx_pinsel.o(.text)
    set_PinFunc                              0x000001e9   Thumb Code    60  lpc17xx_pinsel.o(.text)
    set_ResistorMode                         0x00000225   Thumb Code    62  lpc17xx_pinsel.o(.text)
    set_OpenDrainMode                        0x00000263   Thumb Code    44  lpc17xx_pinsel.o(.text)
    .text                                    0x000002e8   Section        0  heapauxi.o(.text)
    .text                                    0x000002ee   Section        0  exit.o(.text)
    .text                                    0x000002fa   Section        2  use_no_semi.o(.text)
    .ARM.__at_0x02FC                         0x000002fc   Section        4  startup_lpc17xx.o(.ARM.__at_0x02FC)
    .text                                    0x00000300   Section        0  system_lpc17xx.o(.text)
    .text                                    0x000005a4   Section        0  lpc17xx_clkpwr.o(.text)
    .text                                    0x000006f4   Section        0  lpc17xx_uart.o(.text)
    uart_set_divisors                        0x000006f5   Thumb Code   464  lpc17xx_uart.o(.text)
    .text                                    0x00001544   Section        0  lpc17xx_gpio.o(.text)
    GPIO_GetPointer                          0x00001545   Thumb Code    52  lpc17xx_gpio.o(.text)
    FIO_HalfWordGetPointer                   0x00001579   Thumb Code    52  lpc17xx_gpio.o(.text)
    FIO_ByteGetPointer                       0x000015ad   Thumb Code    52  lpc17xx_gpio.o(.text)
    .text                                    0x00001968   Section        0  lpc17xx_timer.o(.text)
    getPClock                                0x00001969   Thumb Code    66  lpc17xx_timer.o(.text)
    converUSecToVal                          0x000019ab   Thumb Code    50  lpc17xx_timer.o(.text)
    converPtrToTimeNum                       0x000019dd   Thumb Code    46  lpc17xx_timer.o(.text)
    .text                                    0x00001fd8   Section        0  lpc17xx_adc.o(.text)
    .text                                    0x000022f4   Section        0  source.o(.text)
    NVIC_SetPriority                         0x000022f5   Thumb Code    32  source.o(.text)
    NVIC_EnableIRQ                           0x0000284d   Thumb Code    24  source.o(.text)
    .text                                    0x00002890   Section      238  lludivv7m.o(.text)
    .text                                    0x0000297e   Section        0  strstr.o(.text)
    .text                                    0x000029a2   Section        0  strlen.o(.text)
    .text                                    0x000029e0   Section       74  sys_stackheap_outer.o(.text)
    .text                                    0x00002a2c   Section        8  libspace.o(.text)
    .text                                    0x00002a34   Section        0  sys_exit.o(.text)
    .constdata                               0x00002a40   Section     2100  source.o(.constdata)
    .text                                    0x00002a40   Section        0  indicate_semi.o(.text)
    .data                                    0x10000000   Section        4  system_lpc17xx.o(.data)
    .data                                    0x10000004   Section     3549  source.o(.data)
    .bss                                     0x10000de4   Section     5429  source.o(.bss)
    EspRx                                    0x100021d0   Data         168  source.o(.bss)
    EspTx                                    0x10002278   Data         161  source.o(.bss)
    .bss                                     0x1000231c   Section       96  libspace.o(.bss)
    HEAP                                     0x10002380   Section        0  startup_lpc17xx.o(HEAP)
    STACK                                    0x10002380   Section      512  startup_lpc17xx.o(STACK)
    Heap_Mem                                 0x10002380   Data           0  startup_lpc17xx.o(HEAP)
    Stack_Mem                                0x10002380   Data         512  startup_lpc17xx.o(STACK)
    __initial_sp                             0x10002580   Data           0  startup_lpc17xx.o(STACK)

    Global Symbols

    Symbol Name                              Value     Ov Type        Size  Object(Section)

    BuildAttributes$$THM_ISAv4$P$D$K$B$S$PE$A:L22UL41UL21$X:L11$S22US41US21$IEEE1$IW$USESV6$~STKCKD$USESV7$~SHL$OSPACE$ROPI$EBA8$UX$STANDARDLIB$REQ8$PRES8$EABIv2 0x00000000   Number         0  anon$$obj.o ABSOLUTE
    __ARM_use_no_argv                        0x00000000   Number         0  source.o ABSOLUTE
    __Vectors                                0x00000000   Data           4  startup_lpc17xx.o(RESET)
    __ARM_exceptions_init                     - Undefined Weak Reference
    __alloca_initialize                       - Undefined Weak Reference
    __cpp_initialize__aeabi_                  - Undefined Weak Reference
    __cxa_finalize                            - Undefined Weak Reference
    __rt_locale                               - Undefined Weak Reference
    __sigvec_lookup                           - Undefined Weak Reference
    _atexit_init                              - Undefined Weak Reference
    _call_atexit_fns                          - Undefined Weak Reference
    _clock_init                               - Undefined Weak Reference
    _fp_trap_init                             - Undefined Weak Reference
    _fp_trap_shutdown                         - Undefined Weak Reference
    _get_lc_collate                           - Undefined Weak Reference
    _get_lc_ctype                             - Undefined Weak Reference
    _get_lc_monetary                          - Undefined Weak Reference
    _get_lc_numeric                           - Undefined Weak Reference
    _get_lc_time                              - Undefined Weak Reference
    _getenv_init                              - Undefined Weak Reference
    _handle_redirection                       - Undefined Weak Reference
    _init_alloc                               - Undefined Weak Reference
    _init_user_alloc                          - Undefined Weak Reference
    _initio                                   - Undefined Weak Reference
    _rand_init                                - Undefined Weak Reference
    _signal_finish                            - Undefined Weak Reference
    _signal_init                              - Undefined Weak Reference
    _terminate_alloc                          - Undefined Weak Reference
    _terminate_user_alloc                     - Undefined Weak Reference
    _terminateio                              - Undefined Weak Reference
    __main                                   0x000000cd   Thumb Code     8  __main.o(!!!main)
    __scatterload                            0x000000d5   Thumb Code     0  __scatter.o(!!!scatter)
    __scatterload_rt2                        0x000000d5   Thumb Code    44  __scatter.o(!!!scatter)
    __scatterload_rt2_thumb_only             0x000000d5   Thumb Code     0  __scatter.o(!!!scatter)
    __scatterload_null                       0x000000e3   Thumb Code     0  __scatter.o(!!!scatter)
    __decompress                             0x00000109   Thumb Code    90  __dczerorl2.o(!!dczerorl2)
    __decompress1                            0x00000109   Thumb Code     0  __dczerorl2.o(!!dczerorl2)
    __scatterload_zeroinit                   0x00000165   Thumb Code    28  __scatter_zi.o(!!handler_zi)
    __rt_lib_init                            0x00000181   Thumb Code     0  libinit.o(.ARM.Collect$$libinit$$00000000)
    __rt_lib_init_alloca_1                   0x00000183   Thumb Code     0  libinit2.o(.ARM.Collect$$libinit$$0000002C)
    __rt_lib_init_argv_1                     0x00000183   Thumb Code     0  libinit2.o(.ARM.Collect$$libinit$$0000002A)
    __rt_lib_init_atexit_1                   0x00000183   Thumb Code     0  libinit2.o(.ARM.Collect$$libinit$$00000019)
    __rt_lib_init_clock_1                    0x00000183   Thumb Code     0  libinit2.o(.ARM.Collect$$libinit$$0000001F)
    __rt_lib_init_cpp_1                      0x00000183   Thumb Code     0  libinit2.o(.ARM.Collect$$libinit$$00000030)
    __rt_lib_init_exceptions_1               0x00000183   Thumb Code     0  libinit2.o(.ARM.Collect$$libinit$$0000002E)
    __rt_lib_init_fp_1                       0x00000183   Thumb Code     0  libinit2.o(.ARM.Collect$$libinit$$00000002)
    __rt_lib_init_fp_trap_1                  0x00000183   Thumb Code     0  libinit2.o(.ARM.Collect$$libinit$$0000001D)
    __rt_lib_init_getenv_1                   0x00000183   Thumb Code     0  libinit2.o(.ARM.Collect$$libinit$$00000021)
    __rt_lib_init_heap_1                     0x00000183   Thumb Code     0  libinit2.o(.ARM.Collect$$libinit$$00000008)
    __rt_lib_init_lc_collate_1               0x00000183   Thumb Code     0  libinit2.o(.ARM.Collect$$libinit$$0000000F)
    __rt_lib_init_lc_ctype_1                 0x00000183   Thumb Code     0  libinit2.o(.ARM.Collect$$libinit$$00000011)
    __rt_lib_init_lc_monetary_1              0x00000183   Thumb Code     0  libinit2.o(.ARM.Collect$$libinit$$00000013)
    __rt_lib_init_lc_numeric_1               0x00000183   Thumb Code     0  libinit2.o(.ARM.Collect$$libinit$$00000015)
    __rt_lib_init_lc_time_1                  0x00000183   Thumb Code     0  libinit2.o(.ARM.Collect$$libinit$$00000017)
    __rt_lib_init_rand_1                     0x00000183   Thumb Code     0  libinit2.o(.ARM.Collect$$libinit$$0000000C)
    __rt_lib_init_return                     0x00000183   Thumb Code     0  libinit2.o(.ARM.Collect$$libinit$$00000031)
    __rt_lib_init_signal_1                   0x00000183   Thumb Code     0  libinit2.o(.ARM.Collect$$libinit$$0000001B)
    __rt_lib_init_stdio_1                    0x00000183   Thumb Code     0  libinit2.o(.ARM.Collect$$libinit$$00000023)
    __rt_lib_init_user_alloc_1               0x00000183   Thumb Code     0  libinit2.o(.ARM.Collect$$libinit$$0000000A)
    __rt_lib_shutdown                        0x00000185   Thumb Code     0  libshutdown.o(.ARM.Collect$$libshutdown$$00000000)
    __rt_lib_shutdown_fp_trap_1              0x00000187   Thumb Code     0  libshutdown2.o(.ARM.Collect$$libshutdown$$00000006)
    __rt_lib_shutdown_heap_1                 0x00000187   Thumb Code     0  libshutdown2.o(.ARM.Collect$$libshutdown$$0000000E)
    __rt_lib_shutdown_return                 0x00000187   Thumb Code     0  libshutdown2.o(.ARM.Collect$$libshutdown$$0000000F)
    __rt_lib_shutdown_signal_1               0x00000187   Thumb Code     0  libshutdown2.o(.ARM.Collect$$libshutdown$$00000009)
    __rt_lib_shutdown_stdio_1                0x00000187   Thumb Code     0  libshutdown2.o(.ARM.Collect$$libshutdown$$00000003)
    __rt_lib_shutdown_user_alloc_1           0x00000187   Thumb Code     0  libshutdown2.o(.ARM.Collect$$libshutdown$$0000000B)
    __rt_entry                               0x00000189   Thumb Code     0  rtentry.o(.ARM.Collect$$rtentry$$00000000)
    __rt_entry_presh_1                       0x00000189   Thumb Code     0  rtentry2.o(.ARM.Collect$$rtentry$$00000002)
    __rt_entry_sh                            0x00000189   Thumb Code     0  rtentry4.o(.ARM.Collect$$rtentry$$00000004)
    __rt_entry_li                            0x0000018f   Thumb Code     0  rtentry2.o(.ARM.Collect$$rtentry$$0000000A)
    __rt_entry_postsh_1                      0x0000018f   Thumb Code     0  rtentry2.o(.ARM.Collect$$rtentry$$00000009)
    __rt_entry_main                          0x00000193   Thumb Code     0  rtentry2.o(.ARM.Collect$$rtentry$$0000000D)
    __rt_entry_postli_1                      0x00000193   Thumb Code     0  rtentry2.o(.ARM.Collect$$rtentry$$0000000C)
    __rt_exit                                0x0000019b   Thumb Code     0  rtexit.o(.ARM.Collect$$rtexit$$00000000)
    __rt_exit_ls                             0x0000019d   Thumb Code     0  rtexit2.o(.ARM.Collect$$rtexit$$00000003)
    __rt_exit_prels_1                        0x0000019d   Thumb Code     0  rtexit2.o(.ARM.Collect$$rtexit$$00000002)
    __rt_exit_exit                           0x000001a1   Thumb Code     0  rtexit2.o(.ARM.Collect$$rtexit$$00000004)
    Reset_Handler                            0x000001a9   Thumb Code     8  startup_lpc17xx.o(.text)
    NMI_Handler                              0x000001b1   Thumb Code     2  startup_lpc17xx.o(.text)
    HardFault_Handler                        0x000001b3   Thumb Code     2  startup_lpc17xx.o(.text)
    MemManage_Handler                        0x000001b5   Thumb Code     2  startup_lpc17xx.o(.text)
    BusFault_Handler                         0x000001b7   Thumb Code     2  startup_lpc17xx.o(.text)
    UsageFault_Handler                       0x000001b9   Thumb Code     2  startup_lpc17xx.o(.text)
    SVC_Handler                              0x000001bb   Thumb Code     2  startup_lpc17xx.o(.text)
    DebugMon_Handler                         0x000001bd   Thumb Code     2  startup_lpc17xx.o(.text)
    PendSV_Handler                           0x000001bf   Thumb Code     2  startup_lpc17xx.o(.text)
    SysTick_Handler                          0x000001c1   Thumb Code     2  startup_lpc17xx.o(.text)
    ADC_IRQHandler                           0x000001c3   Thumb Code     0  startup_lpc17xx.o(.text)
    BOD_IRQHandler                           0x000001c3   Thumb Code     0  startup_lpc17xx.o(.text)
    CANActivity_IRQHandler                   0x000001c3   Thumb Code     0  startup_lpc17xx.o(.text)
    CAN_IRQHandler                           0x000001c3   Thumb Code     0  startup_lpc17xx.o(.text)
    DMA_IRQHandler                           0x000001c3   Thumb Code     0  startup_lpc17xx.o(.text)
    EINT0_IRQHandler                         0x000001c3   Thumb Code     0  startup_lpc17xx.o(.text)
    EINT1_IRQHandler                         0x000001c3   Thumb Code     0  startup_lpc17xx.o(.text)
    EINT2_IRQHandler                         0x000001c3   Thumb Code     0  startup_lpc17xx.o(.text)
    EINT3_IRQHandler                         0x000001c3   Thumb Code     0  startup_lpc17xx.o(.text)
    ENET_IRQHandler                          0x000001c3   Thumb Code     0  startup_lpc17xx.o(.text)
    I2C0_IRQHandler                          0x000001c3   Thumb Code     0  startup_lpc17xx.o(.text)
    I2C1_IRQHandler                          0x000001c3   Thumb Code     0  startup_lpc17xx.o(.text)
    I2C2_IRQHandler                          0x000001c3   Thumb Code     0  startup_lpc17xx.o(.text)
    I2S_IRQHandler                           0x000001c3   Thumb Code     0  startup_lpc17xx.o(.text)
    MCPWM_IRQHandler                         0x000001c3   Thumb Code     0  startup_lpc17xx.o(.text)
    PLL0_IRQHandler                          0x000001c3   Thumb Code     0  startup_lpc17xx.o(.text)
    PLL1_IRQHandler                          0x000001c3   Thumb Code     0  startup_lpc17xx.o(.text)
    PWM1_IRQHandler                          0x000001c3   Thumb Code     0  startup_lpc17xx.o(.text)
    QEI_IRQHandler                           0x000001c3   Thumb Code     0  startup_lpc17xx.o(.text)
    RIT_IRQHandler                           0x000001c3   Thumb Code     0  startup_lpc17xx.o(.text)
    RTC_IRQHandler                           0x000001c3   Thumb Code     0  startup_lpc17xx.o(.text)
    SPI_IRQHandler                           0x000001c3   Thumb Code     0  startup_lpc17xx.o(.text)
    SSP0_IRQHandler                          0x000001c3   Thumb Code     0  startup_lpc17xx.o(.text)
    SSP1_IRQHandler                          0x000001c3   Thumb Code     0  startup_lpc17xx.o(.text)
    TIMER0_IRQHandler                        0x000001c3   Thumb Code     0  startup_lpc17xx.o(.text)
    TIMER2_IRQHandler                        0x000001c3   Thumb Code     0  startup_lpc17xx.o(.text)
    TIMER3_IRQHandler                        0x000001c3   Thumb Code     0  startup_lpc17xx.o(.text)
    UART1_IRQHandler                         0x000001c3   Thumb Code     0  startup_lpc17xx.o(.text)
    UART2_IRQHandler                         0x000001c3   Thumb Code     0  startup_lpc17xx.o(.text)
    UART3_IRQHandler                         0x000001c3   Thumb Code     0  startup_lpc17xx.o(.text)
    USBActivity_IRQHandler                   0x000001c3   Thumb Code     0  startup_lpc17xx.o(.text)
    USB_IRQHandler                           0x000001c3   Thumb Code     0  startup_lpc17xx.o(.text)
    WDT_IRQHandler                           0x000001c3   Thumb Code     0  startup_lpc17xx.o(.text)
    __user_initial_stackheap                 0x000001c5   Thumb Code     0  startup_lpc17xx.o(.text)
    check_failed                             0x000001e5   Thumb Code     4  lpc17xx_libcfg_default.o(.text)
    PINSEL_ConfigTraceFunc                   0x0000028f   Thumb Code    34  lpc17xx_pinsel.o(.text)
    PINSEL_SetI2C0Pins                       0x000002b1   Thumb Code    16  lpc17xx_pinsel.o(.text)
    PINSEL_ConfigPin                         0x000002c1   Thumb Code    36  lpc17xx_pinsel.o(.text)
    __use_two_region_memory                  0x000002e9   Thumb Code     2  heapauxi.o(.text)
    __rt_heap_escrow$2region                 0x000002eb   Thumb Code     2  heapauxi.o(.text)
    __rt_heap_expand$2region                 0x000002ed   Thumb Code     2  heapauxi.o(.text)
    exit                                     0x000002ef   Thumb Code    12  exit.o(.text)
    __I$use$semihosting                      0x000002fb   Thumb Code     0  use_no_semi.o(.text)
    __use_no_semihosting_swi                 0x000002fb   Thumb Code     2  use_no_semi.o(.text)
    SystemCoreClockUpdate                    0x00000301   Thumb Code   312  system_lpc17xx.o(.text)
    SystemInit                               0x00000439   Thumb Code   282  system_lpc17xx.o(.text)
    CLKPWR_SetPCLKDiv                        0x000005a5   Thumb Code   106  lpc17xx_clkpwr.o(.text)
    CLKPWR_GetPCLKSEL                        0x0000060f   Thumb Code    32  lpc17xx_clkpwr.o(.text)
    CLKPWR_GetPCLK                           0x0000062f   Thumb Code    58  lpc17xx_clkpwr.o(.text)
    CLKPWR_ConfigPPWR                        0x00000669   Thumb Code    50  lpc17xx_clkpwr.o(.text)
    CLKPWR_Sleep                             0x0000069b   Thumb Code    10  lpc17xx_clkpwr.o(.text)
    CLKPWR_DeepSleep                         0x000006a5   Thumb Code    16  lpc17xx_clkpwr.o(.text)
    CLKPWR_PowerDown                         0x000006b5   Thumb Code    16  lpc17xx_clkpwr.o(.text)
    CLKPWR_DeepPowerDown                     0x000006c5   Thumb Code    16  lpc17xx_clkpwr.o(.text)
    UART_Init                                0x000008c5   Thumb Code   482  lpc17xx_uart.o(.text)
    UART_TxCmd                               0x00000aa7   Thumb Code   190  lpc17xx_uart.o(.text)
    UART_DeInit                              0x00000b65   Thumb Code   112  lpc17xx_uart.o(.text)
    UART_ConfigStructInit                    0x00000bd5   Thumb Code    18  lpc17xx_uart.o(.text)
    UART_SendByte                            0x00000be7   Thumb Code    58  lpc17xx_uart.o(.text)
    UART_ReceiveByte                         0x00000c21   Thumb Code    56  lpc17xx_uart.o(.text)
    UART_Send                                0x00000c59   Thumb Code   150  lpc17xx_uart.o(.text)
    UART_Receive                             0x00000cef   Thumb Code   122  lpc17xx_uart.o(.text)
    UART_ForceBreak                          0x00000d69   Thumb Code    68  lpc17xx_uart.o(.text)
    UART_IntConfig                           0x00000dad   Thumb Code   260  lpc17xx_uart.o(.text)
    UART_GetLineStatus                       0x00000eb1   Thumb Code    56  lpc17xx_uart.o(.text)
    UART_GetIntId                            0x00000ee9   Thumb Code    52  lpc17xx_uart.o(.text)
    UART_CheckBusy                           0x00000f1d   Thumb Code    36  lpc17xx_uart.o(.text)
    UART_FIFOConfig                          0x00000f41   Thumb Code   254  lpc17xx_uart.o(.text)
    UART_FIFOConfigStructInit                0x0000103f   Thumb Code    14  lpc17xx_uart.o(.text)
    UART_ABCmd                               0x0000104d   Thumb Code   192  lpc17xx_uart.o(.text)
    UART_ABClearIntPending                   0x0000110d   Thumb Code    66  lpc17xx_uart.o(.text)
    UART_IrDAInvtInputCmd                    0x0000114f   Thumb Code    80  lpc17xx_uart.o(.text)
    UART_IrDACmd                             0x0000119f   Thumb Code    78  lpc17xx_uart.o(.text)
    UART_IrDAPulseDivConfig                  0x000011ed   Thumb Code   102  lpc17xx_uart.o(.text)
    UART_FullModemForcePinState              0x00001253   Thumb Code   118  lpc17xx_uart.o(.text)
    UART_FullModemConfigMode                 0x000012c9   Thumb Code   146  lpc17xx_uart.o(.text)
    UART_FullModemGetStatus                  0x0000135b   Thumb Code    28  lpc17xx_uart.o(.text)
    UART_RS485Config                         0x00001377   Thumb Code   300  lpc17xx_uart.o(.text)
    UART_RS485ReceiverCmd                    0x000014a3   Thumb Code    32  lpc17xx_uart.o(.text)
    UART_RS485Send                           0x000014c3   Thumb Code    84  lpc17xx_uart.o(.text)
    UART_RS485SendSlvAddr                    0x00001517   Thumb Code    18  lpc17xx_uart.o(.text)
    UART_RS485SendData                       0x00001529   Thumb Code    22  lpc17xx_uart.o(.text)
    GPIO_SetDir                              0x000015e1   Thumb Code    40  lpc17xx_gpio.o(.text)
    GPIO_SetValue                            0x00001609   Thumb Code    20  lpc17xx_gpio.o(.text)
    GPIO_ClearValue                          0x0000161d   Thumb Code    20  lpc17xx_gpio.o(.text)
    GPIO_ReadValue                           0x00001631   Thumb Code    22  lpc17xx_gpio.o(.text)
    GPIO_IntCmd                              0x00001647   Thumb Code    54  lpc17xx_gpio.o(.text)
    GPIO_GetIntStatus                        0x0000167d   Thumb Code    86  lpc17xx_gpio.o(.text)
    GPIO_ClearInt                            0x000016d3   Thumb Code    24  lpc17xx_gpio.o(.text)
    FIO_SetDir                               0x000016eb   Thumb Code    20  lpc17xx_gpio.o(.text)
    FIO_SetValue                             0x000016ff   Thumb Code    16  lpc17xx_gpio.o(.text)
    FIO_ClearValue                           0x0000170f   Thumb Code    16  lpc17xx_gpio.o(.text)
    FIO_ReadValue                            0x0000171f   Thumb Code    12  lpc17xx_gpio.o(.text)
    FIO_IntCmd                               0x0000172b   Thumb Code    20  lpc17xx_gpio.o(.text)
    FIO_GetIntStatus                         0x0000173f   Thumb Code    20  lpc17xx_gpio.o(.text)
    FIO_ClearInt                             0x00001753   Thumb Code    16  lpc17xx_gpio.o(.text)
    FIO_SetMask                              0x00001763   Thumb Code    40  lpc17xx_gpio.o(.text)
    FIO_HalfWordSetDir                       0x0000178b   Thumb Code    62  lpc17xx_gpio.o(.text)
    FIO_HalfWordSetMask                      0x000017c9   Thumb Code    62  lpc17xx_gpio.o(.text)
    FIO_HalfWordSetValue                     0x00001807   Thumb Code    32  lpc17xx_gpio.o(.text)
    FIO_HalfWordClearValue                   0x00001827   Thumb Code    32  lpc17xx_gpio.o(.text)
    FIO_HalfWordReadValue                    0x00001847   Thumb Code    30  lpc17xx_gpio.o(.text)
    FIO_ByteSetDir                           0x00001865   Thumb Code    50  lpc17xx_gpio.o(.text)
    FIO_ByteSetMask                          0x00001897   Thumb Code    66  lpc17xx_gpio.o(.text)
    FIO_ByteSetValue                         0x000018d9   Thumb Code    34  lpc17xx_gpio.o(.text)
    FIO_ByteClearValue                       0x000018fb   Thumb Code    34  lpc17xx_gpio.o(.text)
    FIO_ByteReadValue                        0x0000191d   Thumb Code    76  lpc17xx_gpio.o(.text)
    TIM_GetIntStatus                         0x00001a0b   Thumb Code    92  lpc17xx_timer.o(.text)
    TIM_GetIntCaptureStatus                  0x00001a67   Thumb Code    94  lpc17xx_timer.o(.text)
    TIM_ClearIntPending                      0x00001ac5   Thumb Code    80  lpc17xx_timer.o(.text)
    TIM_ClearIntCapturePending               0x00001b15   Thumb Code    82  lpc17xx_timer.o(.text)
    TIM_ConfigStructInit                     0x00001b67   Thumb Code    22  lpc17xx_timer.o(.text)
    TIM_Init                                 0x00001b7d   Thumb Code   272  lpc17xx_timer.o(.text)
    TIM_DeInit                               0x00001c8d   Thumb Code   112  lpc17xx_timer.o(.text)
    TIM_Cmd                                  0x00001cfd   Thumb Code    66  lpc17xx_timer.o(.text)
    TIM_ResetCounter                         0x00001d3f   Thumb Code    58  lpc17xx_timer.o(.text)
    TIM_ConfigMatch                          0x00001d79   Thumb Code   310  lpc17xx_timer.o(.text)
    TIM_UpdateMatchValue                     0x00001eaf   Thumb Code    86  lpc17xx_timer.o(.text)
    TIM_ConfigCapture                        0x00001f05   Thumb Code   126  lpc17xx_timer.o(.text)
    TIM_GetCaptureValue                      0x00001f83   Thumb Code    74  lpc17xx_timer.o(.text)
    ADC_Init                                 0x00001fd9   Thumb Code    94  lpc17xx_adc.o(.text)
    ADC_DeInit                               0x00002037   Thumb Code    40  lpc17xx_adc.o(.text)
    ADC_GetData                              0x0000205f   Thumb Code    22  lpc17xx_adc.o(.text)
    ADC_StartCmd                             0x00002075   Thumb Code    80  lpc17xx_adc.o(.text)
    ADC_BurstCmd                             0x000020c5   Thumb Code    42  lpc17xx_adc.o(.text)
    ADC_PowerdownCmd                         0x000020ef   Thumb Code    42  lpc17xx_adc.o(.text)
    ADC_EdgeStartConfig                      0x00002119   Thumb Code    58  lpc17xx_adc.o(.text)
    ADC_IntConfig                            0x00002153   Thumb Code    92  lpc17xx_adc.o(.text)
    ADC_ChannelCmd                           0x000021af   Thumb Code    58  lpc17xx_adc.o(.text)
    ADC_ChannelGetData                       0x000021e9   Thumb Code    44  lpc17xx_adc.o(.text)
    ADC_ChannelGetStatus                     0x00002215   Thumb Code    84  lpc17xx_adc.o(.text)
    ADC_GlobalGetData                        0x00002269   Thumb Code    26  lpc17xx_adc.o(.text)
    ADC_GlobalGetStatus                      0x00002283   Thumb Code    66  lpc17xx_adc.o(.text)
    Call_5ms                                 0x00002315   Thumb Code   268  source.o(.text)
    ESP_Config                               0x00002421   Thumb Code   176  source.o(.text)
    MainTimerInit                            0x000024d1   Thumb Code    86  source.o(.text)
    ADC_configuration                        0x00002527   Thumb Code   128  source.o(.text)
    uart_configuration                       0x000025a7   Thumb Code   210  source.o(.text)
    main                                     0x00002679   Thumb Code    78  source.o(.text)
    Read_adc_x                               0x000026c7   Thumb Code    16  source.o(.text)
    TIMER1_IRQHandler                        0x000026d7   Thumb Code   286  source.o(.text)
    UART0_IRQHandler                         0x000027f5   Thumb Code    56  source.o(.text)
    Read_adc_y                               0x0000282d   Thumb Code    16  source.o(.text)
    Read_adc_z                               0x0000283d   Thumb Code    16  source.o(.text)
    __aeabi_uldivmod                         0x00002891   Thumb Code     0  lludivv7m.o(.text)
    _ll_udiv                                 0x00002891   Thumb Code   238  lludivv7m.o(.text)
    strstr                                   0x0000297f   Thumb Code    36  strstr.o(.text)
    strlen                                   0x000029a3   Thumb Code    62  strlen.o(.text)
    __user_setup_stackheap                   0x000029e1   Thumb Code    74  sys_stackheap_outer.o(.text)
    __user_libspace                          0x00002a2d   Thumb Code     8  libspace.o(.text)
    __user_perproc_libspace                  0x00002a2d   Thumb Code     0  libspace.o(.text)
    __user_perthread_libspace                0x00002a2d   Thumb Code     0  libspace.o(.text)
    _sys_exit                                0x00002a35   Thumb Code     8  sys_exit.o(.text)
    Respons                                  0x00002a40   Data        1050  source.o(.constdata)
    __semihosting_library_function           0x00002a41   Thumb Code     0  indicate_semi.o(.text)
    Faults                                   0x00002e5a   Data        1050  source.o(.constdata)
    Region$$Table$$Base                      0x00003274   Number         0  anon$$obj.o(Region$$Table)
    Region$$Table$$Limit                     0x00003294   Number         0  anon$$obj.o(Region$$Table)
    SystemCoreClock                          0x10000000   Data           4  system_lpc17xx.o(.data)
    status                                   0x10000004   Data           1  source.o(.data)
    q                                        0x10000008   Data           4  source.o(.data)
    flag_check                               0x1000000c   Data           1  source.o(.data)
    flag_ESP_Config                          0x1000000d   Data           1  source.o(.data)
    ADCSendCounter                           0x1000000e   Data           1  source.o(.data)
    ADCdata                                  0x10000010   Data           2  source.o(.data)
    ADCsampelling_row                        0x10000012   Data           1  source.o(.data)
    ADCsampelling_col                        0x10000014   Data           2  source.o(.data)
    SysTickCnt_5ms                           0x10000018   Data           4  source.o(.data)
    Command                                  0x1000001c   Data        3500  source.o(.data)
    h                                        0x10000dc8   Data           4  source.o(.data)
    LED_Value                                0x10000dcc   Data           1  source.o(.data)
    uart                                     0x10000dd0   Data           8  source.o(.data)
    PinCfg                                   0x10000dd8   Data           5  source.o(.data)
    fifo                                     0x10000ddd   Data           4  source.o(.data)
    ADCbuffer                                0x10000de4   Data        5100  source.o(.bss)
    __libspace_start                         0x1000231c   Data          96  libspace.o(.bss)
    __temporary_stack_top$libspace           0x1000237c   Data           0  libspace.o(.bss)



==============================================================================

Memory Map of the image

  Image Entry point : 0x000000cd

  Load Region LR_IROM1 (Base: 0x00000000, Size: 0x00004078, Max: 0x00080000, ABSOLUTE, COMPRESSED[0x0000332c])

    Execution Region ER_IROM1 (Base: 0x00000000, Size: 0x00003294, Max: 0x00080000, ABSOLUTE)

    Base Addr    Size         Type   Attr      Idx    E Section Name        Object

    0x00000000   0x000000cc   Data   RO            3    RESET               startup_lpc17xx.o
    0x000000cc   0x00000008   Code   RO          312  * !!!main             c_w.l(__main.o)
    0x000000d4   0x00000034   Code   RO          478    !!!scatter          c_w.l(__scatter.o)
    0x00000108   0x0000005a   Code   RO          476    !!dczerorl2         c_w.l(__dczerorl2.o)
    0x00000162   0x00000002   PAD
    0x00000164   0x0000001c   Code   RO          480    !!handler_zi        c_w.l(__scatter_zi.o)
    0x00000180   0x00000002   Code   RO          349    .ARM.Collect$$libinit$$00000000  c_w.l(libinit.o)
    0x00000182   0x00000000   Code   RO          362    .ARM.Collect$$libinit$$00000002  c_w.l(libinit2.o)
    0x00000182   0x00000000   Code   RO          365    .ARM.Collect$$libinit$$00000008  c_w.l(libinit2.o)
    0x00000182   0x00000000   Code   RO          367    .ARM.Collect$$libinit$$0000000A  c_w.l(libinit2.o)
    0x00000182   0x00000000   Code   RO          369    .ARM.Collect$$libinit$$0000000C  c_w.l(libinit2.o)
    0x00000182   0x00000000   Code   RO          372    .ARM.Collect$$libinit$$0000000F  c_w.l(libinit2.o)
    0x00000182   0x00000000   Code   RO          374    .ARM.Collect$$libinit$$00000011  c_w.l(libinit2.o)
    0x00000182   0x00000000   Code   RO          376    .ARM.Collect$$libinit$$00000013  c_w.l(libinit2.o)
    0x00000182   0x00000000   Code   RO          378    .ARM.Collect$$libinit$$00000015  c_w.l(libinit2.o)
    0x00000182   0x00000000   Code   RO          380    .ARM.Collect$$libinit$$00000017  c_w.l(libinit2.o)
    0x00000182   0x00000000   Code   RO          382    .ARM.Collect$$libinit$$00000019  c_w.l(libinit2.o)
    0x00000182   0x00000000   Code   RO          384    .ARM.Collect$$libinit$$0000001B  c_w.l(libinit2.o)
    0x00000182   0x00000000   Code   RO          386    .ARM.Collect$$libinit$$0000001D  c_w.l(libinit2.o)
    0x00000182   0x00000000   Code   RO          388    .ARM.Collect$$libinit$$0000001F  c_w.l(libinit2.o)
    0x00000182   0x00000000   Code   RO          390    .ARM.Collect$$libinit$$00000021  c_w.l(libinit2.o)
    0x00000182   0x00000000   Code   RO          392    .ARM.Collect$$libinit$$00000023  c_w.l(libinit2.o)
    0x00000182   0x00000000   Code   RO          396    .ARM.Collect$$libinit$$0000002A  c_w.l(libinit2.o)
    0x00000182   0x00000000   Code   RO          398    .ARM.Collect$$libinit$$0000002C  c_w.l(libinit2.o)
    0x00000182   0x00000000   Code   RO          400    .ARM.Collect$$libinit$$0000002E  c_w.l(libinit2.o)
    0x00000182   0x00000000   Code   RO          402    .ARM.Collect$$libinit$$00000030  c_w.l(libinit2.o)
    0x00000182   0x00000002   Code   RO          403    .ARM.Collect$$libinit$$00000031  c_w.l(libinit2.o)
    0x00000184   0x00000002   Code   RO          434    .ARM.Collect$$libshutdown$$00000000  c_w.l(libshutdown.o)
    0x00000186   0x00000000   Code   RO          461    .ARM.Collect$$libshutdown$$00000003  c_w.l(libshutdown2.o)
    0x00000186   0x00000000   Code   RO          464    .ARM.Collect$$libshutdown$$00000006  c_w.l(libshutdown2.o)
    0x00000186   0x00000000   Code   RO          467    .ARM.Collect$$libshutdown$$00000009  c_w.l(libshutdown2.o)
    0x00000186   0x00000000   Code   RO          469    .ARM.Collect$$libshutdown$$0000000B  c_w.l(libshutdown2.o)
    0x00000186   0x00000000   Code   RO          472    .ARM.Collect$$libshutdown$$0000000E  c_w.l(libshutdown2.o)
    0x00000186   0x00000002   Code   RO          473    .ARM.Collect$$libshutdown$$0000000F  c_w.l(libshutdown2.o)
    0x00000188   0x00000000   Code   RO          314    .ARM.Collect$$rtentry$$00000000  c_w.l(rtentry.o)
    0x00000188   0x00000000   Code   RO          320    .ARM.Collect$$rtentry$$00000002  c_w.l(rtentry2.o)
    0x00000188   0x00000006   Code   RO          332    .ARM.Collect$$rtentry$$00000004  c_w.l(rtentry4.o)
    0x0000018e   0x00000000   Code   RO          322    .ARM.Collect$$rtentry$$00000009  c_w.l(rtentry2.o)
    0x0000018e   0x00000004   Code   RO          323    .ARM.Collect$$rtentry$$0000000A  c_w.l(rtentry2.o)
    0x00000192   0x00000000   Code   RO          325    .ARM.Collect$$rtentry$$0000000C  c_w.l(rtentry2.o)
    0x00000192   0x00000008   Code   RO          326    .ARM.Collect$$rtentry$$0000000D  c_w.l(rtentry2.o)
    0x0000019a   0x00000002   Code   RO          353    .ARM.Collect$$rtexit$$00000000  c_w.l(rtexit.o)
    0x0000019c   0x00000000   Code   RO          407    .ARM.Collect$$rtexit$$00000002  c_w.l(rtexit2.o)
    0x0000019c   0x00000004   Code   RO          408    .ARM.Collect$$rtexit$$00000003  c_w.l(rtexit2.o)
    0x000001a0   0x00000006   Code   RO          409    .ARM.Collect$$rtexit$$00000004  c_w.l(rtexit2.o)
    0x000001a6   0x00000002   PAD
    0x000001a8   0x0000003c   Code   RO            5    .text               startup_lpc17xx.o
    0x000001e4   0x00000004   Code   RO          101    .text               lpc17xx_libcfg_default.o
    0x000001e8   0x00000100   Code   RO          118    .text               lpc17xx_pinsel.o
    0x000002e8   0x00000006   Code   RO          310    .text               c_w.l(heapauxi.o)
    0x000002ee   0x0000000c   Code   RO          338    .text               c_w.l(exit.o)
    0x000002fa   0x00000002   Code   RO          423    .text               c_w.l(use_no_semi.o)
    0x000002fc   0x00000004   Code   RO            4    .ARM.__at_0x02FC    startup_lpc17xx.o
    0x00000300   0x000002a4   Code   RO           24    .text               system_lpc17xx.o
    0x000005a4   0x00000150   Code   RO           60    .text               lpc17xx_clkpwr.o
    0x000006f4   0x00000e50   Code   RO          141    .text               lpc17xx_uart.o
    0x00001544   0x00000424   Code   RO          171    .text               lpc17xx_gpio.o
    0x00001968   0x00000670   Code   RO          194    .text               lpc17xx_timer.o
    0x00001fd8   0x0000031c   Code   RO          217    .text               lpc17xx_adc.o
    0x000022f4   0x0000059c   Code   RO          240    .text               source.o
    0x00002890   0x000000ee   Code   RO          304    .text               c_w.l(lludivv7m.o)
    0x0000297e   0x00000024   Code   RO          306    .text               c_w.l(strstr.o)
    0x000029a2   0x0000003e   Code   RO          308    .text               c_w.l(strlen.o)
    0x000029e0   0x0000004a   Code   RO          336    .text               c_w.l(sys_stackheap_outer.o)
    0x00002a2a   0x00000002   PAD
    0x00002a2c   0x00000008   Code   RO          350    .text               c_w.l(libspace.o)
    0x00002a34   0x0000000c   Code   RO          404    .text               c_w.l(sys_exit.o)
    0x00002a40   0x00000000   Code   RO          425    .text               c_w.l(indicate_semi.o)
    0x00002a40   0x00000834   Data   RO          242    .constdata          source.o
    0x00003274   0x00000020   Data   RO          474    Region$$Table       anon$$obj.o


    Execution Region RW_IRAM1 (Base: 0x10000000, Size: 0x00002580, Max: 0x00008000, ABSOLUTE, COMPRESSED[0x00000098])

    Base Addr    Size         Type   Attr      Idx    E Section Name        Object

    0x10000000   0x00000004   Data   RW           25    .data               system_lpc17xx.o
    0x10000004   0x00000ddd   Data   RW          243    .data               source.o
    0x10000de1   0x00000003   PAD
    0x10000de4   0x00001535   Zero   RW          241    .bss                source.o
    0x10002319   0x00000003   PAD
    0x1000231c   0x00000060   Zero   RW          351    .bss                c_w.l(libspace.o)
    0x1000237c   0x00000004   PAD
    0x10002380   0x00000000   Zero   RW            2    HEAP                startup_lpc17xx.o
    0x10002380   0x00000200   Zero   RW            1    STACK               startup_lpc17xx.o


==============================================================================

Image component sizes


      Code (inc. data)   RO Data    RW Data    ZI Data      Debug   Object Name

         0          0          0          0          0       4212   core_cm3.o
       796         48          0          0          0       7012   lpc17xx_adc.o
       336         32          0          0          0       3055   lpc17xx_clkpwr.o
      1060         62          0          0          0       9651   lpc17xx_gpio.o
         4          0          0          0          0        847   lpc17xx_libcfg_default.o
       256          4          0          0          0       3969   lpc17xx_pinsel.o
      1648         74          0          0          0       8859   lpc17xx_timer.o
      3664        112          0          0          0      35913   lpc17xx_uart.o
      1436        132       2100       3549       5429      43771   source.o
        64         26        204          0        512       1072   startup_lpc17xx.o
       676         82          0          4          0       1053   system_lpc17xx.o

    ----------------------------------------------------------------------
      9940        572       2336       3556       5944     119414   Object Totals
         0          0         32          0          0          0   (incl. Generated)
         0          0          0          3          3          0   (incl. Padding)

    ----------------------------------------------------------------------

      Code (inc. data)   RO Data    RW Data    ZI Data      Debug   Library Member Name

        90          0          0          0          0          0   __dczerorl2.o
         8          0          0          0          0         68   __main.o
        52          8          0          0          0          0   __scatter.o
        28          0          0          0          0          0   __scatter_zi.o
        12          0          0          0          0         72   exit.o
         6          0          0          0          0        152   heapauxi.o
         0          0          0          0          0          0   indicate_semi.o
         2          0          0          0          0          0   libinit.o
         2          0          0          0          0          0   libinit2.o
         2          0          0          0          0          0   libshutdown.o
         2          0          0          0          0          0   libshutdown2.o
         8          4          0          0         96         68   libspace.o
       238          0          0          0          0        100   lludivv7m.o
         0          0          0          0          0          0   rtentry.o
        12          0          0          0          0          0   rtentry2.o
         6          0          0          0          0          0   rtentry4.o
         2          0          0          0          0          0   rtexit.o
        10          0          0          0          0          0   rtexit2.o
        62          0          0          0          0         76   strlen.o
        36          0          0          0          0         80   strstr.o
        12          4          0          0          0         68   sys_exit.o
        74          0          0          0          0         80   sys_stackheap_outer.o
         2          0          0          0          0         68   use_no_semi.o

    ----------------------------------------------------------------------
       672         16          0          0        100        832   Library Totals
         6          0          0          0          4          0   (incl. Padding)

    ----------------------------------------------------------------------

      Code (inc. data)   RO Data    RW Data    ZI Data      Debug   Library Name

       666         16          0          0         96        832   c_w.l

    ----------------------------------------------------------------------
       672         16          0          0        100        832   Library Totals

    ----------------------------------------------------------------------

==============================================================================


      Code (inc. data)   RO Data    RW Data    ZI Data      Debug   

     10612        588       2336       3556       6044     119102   Grand Totals
     10612        588       2336        152       6044     119102   ELF Image Totals (compressed)
     10612        588       2336        152          0          0   ROM Totals

==============================================================================

    Total RO  Size (Code + RO Data)                12948 (  12.64kB)
    Total RW  Size (RW Data + ZI Data)              9600 (   9.38kB)
    Total ROM Size (Code + RO Data + RW Data)      13100 (  12.79kB)

==============================================================================

